// Jest Snapshot v1, https://goo.gl/fbAQLP

exports[`Title Default Title 1`] = `
<Component>
  <ThemeProvider
    theme={
      Object {
        "colors": Object {
          "black": "#262B34",
          "blackLight": "#5f656b",
          "disabledGrey": "#ced4d9",
          "green": "#86AD20",
          "greenLight": "#e7f1d5",
          "grey": "#697782",
          "greyLight": "#f0f3f5",
          "greySoft": "#788590",
          "lines": "#dce3eb",
          "link": "#216db3",
          "linkDark": "#174a79",
          "overlay": "rgba(33,33,33,0.55)",
          "placeholders": "#e1e4e7",
          "placeholdersHover": "#d0d4d8",
          "primary": "#FF8C00",
          "primaryDark": "#C87600",
          "primaryLight": "#fef4e6",
          "primarySoft": "#ff9d26",
          "red": "#f04540",
          "redDark": "#C43833",
          "redLight": "#FAE7E7",
          "redSoft": "#FF544F",
          "secondary": "#00A8Be",
          "secondaryGrey": "#e4eeff",
          "secondaryLight": "#D6EEF2",
          "secondarySoft": "#AADFE7",
          "shadow": "rgba(0, 0, 0, 0.25)",
          "tableHeader": "#f6f7f9",
          "tableHeaderHover": "#EBECEF",
          "tableHover": "#FAFBFC",
          "text": Object {
            "black": "#3c4248",
            "danger": "white",
            "default": "#697782",
            "green": "#86AD20",
            "greySoft": "#788590",
            "primary": "white",
            "red": "#f04540",
            "secondary": "#00A8Be",
            "white": "#FFFFFF",
            "yellow": "#E9B200",
          },
          "transparentBlack": "rgba(38, 43, 52, 0.8)",
          "white": "#FFFFFF",
          "yellow": "#E9B200",
          "yellowLight": "#FFF9DD",
        },
        "effects": Object {
          "boxShadow": "0 3px 9px 0 rgba(0, 0, 0, 0.25)",
          "buttonActive": Object {
            "boxShadow": "inset 0 -2px 4px 0 rgba(51, 51, 51, 0.23)",
          },
        },
        "typography": Object {
          "bigText": Object {
            "fontFamily": "\\"Roboto\\", \\"Helvetica Neue\\", Helvetica, Arial, sans-serif",
            "fontSize": 20,
            "letterSpacing": 0.5,
          },
          "button": Object {
            "fontFamily": "\\"Roboto\\", \\"Helvetica Neue\\", Helvetica, Arial, sans-serif",
            "fontSize": 11,
            "lineHeight": 1.5,
          },
          "defaultText": Object {
            "fontFamily": "\\"Roboto\\", \\"Helvetica Neue\\", Helvetica, Arial, sans-serif",
            "fontSize": 13,
            "letterSpacing": 0.5,
          },
          "fontFamily": "\\"Roboto\\", \\"Helvetica Neue\\", Helvetica, Arial, sans-serif",
          "fontSizeBase": 13,
          "fontSizeSmall": 11,
          "largeText": Object {
            "fontFamily": "\\"Roboto\\", \\"Helvetica Neue\\", Helvetica, Arial, sans-serif",
            "fontSize": 16,
            "letterSpacing": 0.5,
          },
          "letterSpacing": 0.5,
          "lineHeightBase": 1.5,
          "smallText": Object {
            "fontFamily": "\\"Roboto\\", \\"Helvetica Neue\\", Helvetica, Arial, sans-serif",
            "fontSize": 11,
            "letterSpacing": 0.5,
          },
        },
      }
    }
  >
    <JssProvider
      classNamePrefix="HoiPoi__"
      generateId={[Function]}
      jss={
        Jss {
          "generateId": [Function],
          "id": 2,
          "options": Object {
            "Renderer": [Function],
            "createGenerateId": [Function],
            "plugins": Array [],
          },
          "plugins": PluginsRegistry {
            "plugins": Object {
              "external": Array [
                Object {
                  "onCreateRule": [Function],
                  "onProcessStyle": [Function],
                  "onUpdate": [Function],
                },
                Object {
                  "onCreateRule": [Function],
                  "onProcessRule": [Function],
                },
                Object {
                  "onProcessRule": [Function],
                },
                Object {
                  "onCreateRule": [Function],
                  "onProcessRule": [Function],
                },
                Object {
                  "onChangeValue": [Function],
                  "onProcessStyle": [Function],
                },
                Object {
                  "onProcessStyle": [Function],
                },
                Object {
                  "onProcessStyle": [Function],
                },
                Object {
                  "onChangeValue": [Function],
                  "onProcessStyle": [Function],
                },
                Object {
                  "onChangeValue": [Function],
                  "onProcessStyle": [Function],
                },
                Object {
                  "onProcessStyle": [Function],
                },
                Object {
                  "onChangeValue": [Function],
                  "onProcessRule": [Function],
                  "onProcessStyle": [Function],
                },
                Object {
                  "onProcessStyle": [Function],
                },
              ],
              "internal": Array [
                Object {
                  "onCreateRule": [Function],
                },
                Object {
                  "onCreateRule": [Function],
                },
                Object {
                  "onChangeValue": [Function],
                  "onCreateRule": [Function],
                  "onProcessStyle": [Function],
                },
                Object {
                  "onCreateRule": [Function],
                },
                Object {
                  "onCreateRule": [Function],
                },
                Object {
                  "onCreateRule": [Function],
                },
                Object {
                  "onCreateRule": [Function],
                },
              ],
            },
            "registry": Object {
              "onChangeValue": Array [
                [Function],
                [Function],
                [Function],
                [Function],
                [Function],
              ],
              "onCreateRule": Array [
                [Function],
                [Function],
                [Function],
                [Function],
                [Function],
                [Function],
                [Function],
                [Function],
                [Function],
                [Function],
              ],
              "onProcessRule": Array [
                [Function],
                [Function],
                [Function],
                [Function],
              ],
              "onProcessSheet": Array [],
              "onProcessStyle": Array [
                [Function],
                [Function],
                [Function],
                [Function],
                [Function],
                [Function],
                [Function],
                [Function],
                [Function],
                [Function],
              ],
              "onUpdate": Array [
                [Function],
              ],
            },
          },
          "version": "10.0.0-alpha.16",
        }
      }
    >
      <JssContextSubscriber>
        <WithStyles(Title)
          className=""
          innerRef={null}
          jssContext={
            Object {
              "disableStylesGeneration": false,
              "jss": Jss {
                "generateId": [Function],
                "id": 2,
                "options": Object {
                  "Renderer": [Function],
                  "createGenerateId": [Function],
                  "plugins": Array [],
                },
                "plugins": PluginsRegistry {
                  "plugins": Object {
                    "external": Array [
                      Object {
                        "onCreateRule": [Function],
                        "onProcessStyle": [Function],
                        "onUpdate": [Function],
                      },
                      Object {
                        "onCreateRule": [Function],
                        "onProcessRule": [Function],
                      },
                      Object {
                        "onProcessRule": [Function],
                      },
                      Object {
                        "onCreateRule": [Function],
                        "onProcessRule": [Function],
                      },
                      Object {
                        "onChangeValue": [Function],
                        "onProcessStyle": [Function],
                      },
                      Object {
                        "onProcessStyle": [Function],
                      },
                      Object {
                        "onProcessStyle": [Function],
                      },
                      Object {
                        "onChangeValue": [Function],
                        "onProcessStyle": [Function],
                      },
                      Object {
                        "onChangeValue": [Function],
                        "onProcessStyle": [Function],
                      },
                      Object {
                        "onProcessStyle": [Function],
                      },
                      Object {
                        "onChangeValue": [Function],
                        "onProcessRule": [Function],
                        "onProcessStyle": [Function],
                      },
                      Object {
                        "onProcessStyle": [Function],
                      },
                    ],
                    "internal": Array [
                      Object {
                        "onCreateRule": [Function],
                      },
                      Object {
                        "onCreateRule": [Function],
                      },
                      Object {
                        "onChangeValue": [Function],
                        "onCreateRule": [Function],
                        "onProcessStyle": [Function],
                      },
                      Object {
                        "onCreateRule": [Function],
                      },
                      Object {
                        "onCreateRule": [Function],
                      },
                      Object {
                        "onCreateRule": [Function],
                      },
                      Object {
                        "onCreateRule": [Function],
                      },
                    ],
                  },
                  "registry": Object {
                    "onChangeValue": Array [
                      [Function],
                      [Function],
                      [Function],
                      [Function],
                      [Function],
                    ],
                    "onCreateRule": Array [
                      [Function],
                      [Function],
                      [Function],
                      [Function],
                      [Function],
                      [Function],
                      [Function],
                      [Function],
                      [Function],
                      [Function],
                    ],
                    "onProcessRule": Array [
                      [Function],
                      [Function],
                      [Function],
                      [Function],
                    ],
                    "onProcessSheet": Array [],
                    "onProcessStyle": Array [
                      [Function],
                      [Function],
                      [Function],
                      [Function],
                      [Function],
                      [Function],
                      [Function],
                      [Function],
                      [Function],
                      [Function],
                    ],
                    "onUpdate": Array [
                      [Function],
                    ],
                  },
                },
                "version": "10.0.0-alpha.16",
              },
              "managers": Object {
                "0": SheetsManager {
                  "length": 1,
                  "sheets": WeakMap {},
                },
                "1": SheetsManager {
                  "length": 1,
                  "sheets": WeakMap {},
                },
              },
              "sheetOptions": Object {
                "classNamePrefix": "HoiPoi__",
                "generateId": [Function],
              },
            }
          }
          overrides={Object {}}
          theme={
            Object {
              "colors": Object {
                "black": "#262B34",
                "blackLight": "#5f656b",
                "disabledGrey": "#ced4d9",
                "green": "#86AD20",
                "greenLight": "#e7f1d5",
                "grey": "#697782",
                "greyLight": "#f0f3f5",
                "greySoft": "#788590",
                "lines": "#dce3eb",
                "link": "#216db3",
                "linkDark": "#174a79",
                "overlay": "rgba(33,33,33,0.55)",
                "placeholders": "#e1e4e7",
                "placeholdersHover": "#d0d4d8",
                "primary": "#FF8C00",
                "primaryDark": "#C87600",
                "primaryLight": "#fef4e6",
                "primarySoft": "#ff9d26",
                "red": "#f04540",
                "redDark": "#C43833",
                "redLight": "#FAE7E7",
                "redSoft": "#FF544F",
                "secondary": "#00A8Be",
                "secondaryGrey": "#e4eeff",
                "secondaryLight": "#D6EEF2",
                "secondarySoft": "#AADFE7",
                "shadow": "rgba(0, 0, 0, 0.25)",
                "tableHeader": "#f6f7f9",
                "tableHeaderHover": "#EBECEF",
                "tableHover": "#FAFBFC",
                "text": Object {
                  "black": "#3c4248",
                  "danger": "white",
                  "default": "#697782",
                  "green": "#86AD20",
                  "greySoft": "#788590",
                  "primary": "white",
                  "red": "#f04540",
                  "secondary": "#00A8Be",
                  "white": "#FFFFFF",
                  "yellow": "#E9B200",
                },
                "transparentBlack": "rgba(38, 43, 52, 0.8)",
                "white": "#FFFFFF",
                "yellow": "#E9B200",
                "yellowLight": "#FFF9DD",
              },
              "effects": Object {
                "boxShadow": "0 3px 9px 0 rgba(0, 0, 0, 0.25)",
                "buttonActive": Object {
                  "boxShadow": "inset 0 -2px 4px 0 rgba(51, 51, 51, 0.23)",
                },
              },
              "typography": Object {
                "bigText": Object {
                  "fontFamily": "\\"Roboto\\", \\"Helvetica Neue\\", Helvetica, Arial, sans-serif",
                  "fontSize": 20,
                  "letterSpacing": 0.5,
                },
                "button": Object {
                  "fontFamily": "\\"Roboto\\", \\"Helvetica Neue\\", Helvetica, Arial, sans-serif",
                  "fontSize": 11,
                  "lineHeight": 1.5,
                },
                "defaultText": Object {
                  "fontFamily": "\\"Roboto\\", \\"Helvetica Neue\\", Helvetica, Arial, sans-serif",
                  "fontSize": 13,
                  "letterSpacing": 0.5,
                },
                "fontFamily": "\\"Roboto\\", \\"Helvetica Neue\\", Helvetica, Arial, sans-serif",
                "fontSizeBase": 13,
                "fontSizeSmall": 11,
                "largeText": Object {
                  "fontFamily": "\\"Roboto\\", \\"Helvetica Neue\\", Helvetica, Arial, sans-serif",
                  "fontSize": 16,
                  "letterSpacing": 0.5,
                },
                "letterSpacing": 0.5,
                "lineHeightBase": 1.5,
                "smallText": Object {
                  "fontFamily": "\\"Roboto\\", \\"Helvetica Neue\\", Helvetica, Arial, sans-serif",
                  "fontSize": 11,
                  "letterSpacing": 0.5,
                },
              },
            }
          }
        >
          <Title
            className=""
            classes={
              Object {
                "root": "HoiPoi__Title__root-1-0",
                "textTitle": "HoiPoi__Title__textTitle-1-1",
              }
            }
            overrides={Object {}}
          >
            <JssContextSubscriber
              className="HoiPoi__Title__root-1-0"
              type="bold"
            >
              <WithStyles(Text)
                className="HoiPoi__Title__root-1-0"
                innerRef={null}
                isTruncated={false}
                jssContext={
                  Object {
                    "disableStylesGeneration": false,
                    "jss": Jss {
                      "generateId": [Function],
                      "id": 2,
                      "options": Object {
                        "Renderer": [Function],
                        "createGenerateId": [Function],
                        "plugins": Array [],
                      },
                      "plugins": PluginsRegistry {
                        "plugins": Object {
                          "external": Array [
                            Object {
                              "onCreateRule": [Function],
                              "onProcessStyle": [Function],
                              "onUpdate": [Function],
                            },
                            Object {
                              "onCreateRule": [Function],
                              "onProcessRule": [Function],
                            },
                            Object {
                              "onProcessRule": [Function],
                            },
                            Object {
                              "onCreateRule": [Function],
                              "onProcessRule": [Function],
                            },
                            Object {
                              "onChangeValue": [Function],
                              "onProcessStyle": [Function],
                            },
                            Object {
                              "onProcessStyle": [Function],
                            },
                            Object {
                              "onProcessStyle": [Function],
                            },
                            Object {
                              "onChangeValue": [Function],
                              "onProcessStyle": [Function],
                            },
                            Object {
                              "onChangeValue": [Function],
                              "onProcessStyle": [Function],
                            },
                            Object {
                              "onProcessStyle": [Function],
                            },
                            Object {
                              "onChangeValue": [Function],
                              "onProcessRule": [Function],
                              "onProcessStyle": [Function],
                            },
                            Object {
                              "onProcessStyle": [Function],
                            },
                          ],
                          "internal": Array [
                            Object {
                              "onCreateRule": [Function],
                            },
                            Object {
                              "onCreateRule": [Function],
                            },
                            Object {
                              "onChangeValue": [Function],
                              "onCreateRule": [Function],
                              "onProcessStyle": [Function],
                            },
                            Object {
                              "onCreateRule": [Function],
                            },
                            Object {
                              "onCreateRule": [Function],
                            },
                            Object {
                              "onCreateRule": [Function],
                            },
                            Object {
                              "onCreateRule": [Function],
                            },
                          ],
                        },
                        "registry": Object {
                          "onChangeValue": Array [
                            [Function],
                            [Function],
                            [Function],
                            [Function],
                            [Function],
                          ],
                          "onCreateRule": Array [
                            [Function],
                            [Function],
                            [Function],
                            [Function],
                            [Function],
                            [Function],
                            [Function],
                            [Function],
                            [Function],
                            [Function],
                          ],
                          "onProcessRule": Array [
                            [Function],
                            [Function],
                            [Function],
                            [Function],
                          ],
                          "onProcessSheet": Array [],
                          "onProcessStyle": Array [
                            [Function],
                            [Function],
                            [Function],
                            [Function],
                            [Function],
                            [Function],
                            [Function],
                            [Function],
                            [Function],
                            [Function],
                          ],
                          "onUpdate": Array [
                            [Function],
                          ],
                        },
                      },
                      "version": "10.0.0-alpha.16",
                    },
                    "managers": Object {
                      "0": SheetsManager {
                        "length": 1,
                        "sheets": WeakMap {},
                      },
                      "1": SheetsManager {
                        "length": 1,
                        "sheets": WeakMap {},
                      },
                    },
                    "sheetOptions": Object {
                      "classNamePrefix": "HoiPoi__",
                      "generateId": [Function],
                    },
                  }
                }
                overrides={Object {}}
                size="medium"
                theme={
                  Object {
                    "colors": Object {
                      "black": "#262B34",
                      "blackLight": "#5f656b",
                      "disabledGrey": "#ced4d9",
                      "green": "#86AD20",
                      "greenLight": "#e7f1d5",
                      "grey": "#697782",
                      "greyLight": "#f0f3f5",
                      "greySoft": "#788590",
                      "lines": "#dce3eb",
                      "link": "#216db3",
                      "linkDark": "#174a79",
                      "overlay": "rgba(33,33,33,0.55)",
                      "placeholders": "#e1e4e7",
                      "placeholdersHover": "#d0d4d8",
                      "primary": "#FF8C00",
                      "primaryDark": "#C87600",
                      "primaryLight": "#fef4e6",
                      "primarySoft": "#ff9d26",
                      "red": "#f04540",
                      "redDark": "#C43833",
                      "redLight": "#FAE7E7",
                      "redSoft": "#FF544F",
                      "secondary": "#00A8Be",
                      "secondaryGrey": "#e4eeff",
                      "secondaryLight": "#D6EEF2",
                      "secondarySoft": "#AADFE7",
                      "shadow": "rgba(0, 0, 0, 0.25)",
                      "tableHeader": "#f6f7f9",
                      "tableHeaderHover": "#EBECEF",
                      "tableHover": "#FAFBFC",
                      "text": Object {
                        "black": "#3c4248",
                        "danger": "white",
                        "default": "#697782",
                        "green": "#86AD20",
                        "greySoft": "#788590",
                        "primary": "white",
                        "red": "#f04540",
                        "secondary": "#00A8Be",
                        "white": "#FFFFFF",
                        "yellow": "#E9B200",
                      },
                      "transparentBlack": "rgba(38, 43, 52, 0.8)",
                      "white": "#FFFFFF",
                      "yellow": "#E9B200",
                      "yellowLight": "#FFF9DD",
                    },
                    "effects": Object {
                      "boxShadow": "0 3px 9px 0 rgba(0, 0, 0, 0.25)",
                      "buttonActive": Object {
                        "boxShadow": "inset 0 -2px 4px 0 rgba(51, 51, 51, 0.23)",
                      },
                    },
                    "typography": Object {
                      "bigText": Object {
                        "fontFamily": "\\"Roboto\\", \\"Helvetica Neue\\", Helvetica, Arial, sans-serif",
                        "fontSize": 20,
                        "letterSpacing": 0.5,
                      },
                      "button": Object {
                        "fontFamily": "\\"Roboto\\", \\"Helvetica Neue\\", Helvetica, Arial, sans-serif",
                        "fontSize": 11,
                        "lineHeight": 1.5,
                      },
                      "defaultText": Object {
                        "fontFamily": "\\"Roboto\\", \\"Helvetica Neue\\", Helvetica, Arial, sans-serif",
                        "fontSize": 13,
                        "letterSpacing": 0.5,
                      },
                      "fontFamily": "\\"Roboto\\", \\"Helvetica Neue\\", Helvetica, Arial, sans-serif",
                      "fontSizeBase": 13,
                      "fontSizeSmall": 11,
                      "largeText": Object {
                        "fontFamily": "\\"Roboto\\", \\"Helvetica Neue\\", Helvetica, Arial, sans-serif",
                        "fontSize": 16,
                        "letterSpacing": 0.5,
                      },
                      "letterSpacing": 0.5,
                      "lineHeightBase": 1.5,
                      "smallText": Object {
                        "fontFamily": "\\"Roboto\\", \\"Helvetica Neue\\", Helvetica, Arial, sans-serif",
                        "fontSize": 11,
                        "letterSpacing": 0.5,
                      },
                    },
                  }
                }
                type="bold"
              >
                <Text
                  className="HoiPoi__Title__root-1-0"
                  classes={
                    Object {
                      "big": "HoiPoi__Text__big-1-7",
                      "bold": "HoiPoi__Text__bold-1-8",
                      "large": "HoiPoi__Text__large-1-6",
                      "light": "HoiPoi__Text__light-1-10",
                      "medium": "HoiPoi__Text__medium-1-5",
                      "normal": "HoiPoi__Text__normal-1-9",
                      "root": "HoiPoi__Text__root-1-2",
                      "small": "HoiPoi__Text__small-1-4",
                      "truncated": "HoiPoi__Text__truncated-1-3",
                    }
                  }
                  isTruncated={false}
                  overrides={Object {}}
                  size="medium"
                  type="bold"
                >
                  <span
                    className="HoiPoi__Text__root-1-2 HoiPoi__Text__bold-1-8 HoiPoi__Text__medium-1-5 HoiPoi__Title__root-1-0"
                  >
                    <h1
                      className="HoiPoi__Title__textTitle-1-1"
                    >
                      H1
                    </h1>
                  </span>
                </Text>
              </WithStyles(Text)>
            </JssContextSubscriber>
          </Title>
        </WithStyles(Title)>
      </JssContextSubscriber>
    </JssProvider>
  </ThemeProvider>
</Component>
`;
